version=2
transaction_id=golden-v2
phase=candidate_active
created_epoch=1770000000
pre_update_state=running
disable_marker_expectation=absent
owner_pid=4242
owner_starttime=987654
owner_created_epoch=1770000001
module_dir=/data/adb/modules/zapret2
update_dir=/data/adb/modules/.zapret2-update-golden-v2
backup_dir=/data/adb/modules/.zapret2-backup-golden-v2
failed_dir=/data/adb/modules/.zapret2-failed-golden-v2
